// Jest Snapshot v1, https://goo.gl/fbAQLP

exports[`<CreateContact /> when isAddMode should match snapshot 1`] = `
<View
  onLayout={[Function]}
  style={
    Array [
      Object {
        "flex": 1,
      },
      Object {
        "paddingBottom": 0,
      },
    ]
  }
>
  <View
    style={
      Array [
        Object {
          "alignItems": "center",
          "backgroundColor": "#cadeee",
          "flexBasis": 0,
          "flexGrow": 1,
          "flexShrink": 1,
        },
        Object {
          "justifyContent": "center",
        },
      ]
    }
  >
    <svg
      data-file-name="SvgEmergency"
      style={
        Object {
          "position": "absolute",
        }
      }
    />
    <View
      style={
        Object {
          "backgroundColor": "#FEF8E3",
          "borderRadius": 48,
          "height": "40%",
          "justifyContent": "center",
          "paddingBottom": 40,
          "paddingLeft": 30,
          "paddingRight": 30,
          "paddingTop": 40,
          "width": "80%",
        }
      }
    >
      <
        icon={
          Object {
            "icon": Array [
              352,
              512,
              Array [],
              "f00d",
              "M242.72 256l100.07-100.07c12.28-12.28 12.28-32.19 0-44.48l-22.24-22.24c-12.28-12.28-32.19-12.28-44.48 0L176 189.28 75.93 89.21c-12.28-12.28-32.19-12.28-44.48 0L9.21 111.45c-12.28 12.28-12.28 32.19 0 44.48L109.28 256 9.21 356.07c-12.28 12.28-12.28 32.19 0 44.48l22.24 22.24c12.28 12.28 32.2 12.28 44.48 0L176 322.72l100.07 100.07c12.28 12.28 32.2 12.28 44.48 0l22.24-22.24c12.28-12.28 12.28-32.19 0-44.48L242.72 256z",
            ],
            "iconName": "times",
            "prefix": "fas",
          }
        }
        onPress={[Function]}
        raised={true}
        size={20}
        style={
          Object {
            "marginLeft": "auto",
          }
        }
        testID="go-back-button"
      />
      <View
        style={
          Object {
            "paddingHorizontal": 10,
            "width": "100%",
          }
        }
      >
        <View
          style={
            Object {
              "alignItems": "center",
              "borderBottomWidth": 1,
              "borderColor": "#86939e",
              "flexDirection": "row",
              "transform": Array [
                Object {
                  "translateX": 0,
                },
              ],
            }
          }
        >
          <View
            style={
              Object {
                "alignItems": "center",
                "height": 40,
                "justifyContent": "center",
                "marginVertical": 4,
                "paddingRight": 15,
              }
            }
          >
            <
              color="black"
              icon={
                Object {
                  "icon": Array [
                    448,
                    512,
                    Array [],
                    "f007",
                    "M224 256c70.7 0 128-57.3 128-128S294.7 0 224 0 96 57.3 96 128s57.3 128 128 128zm89.6 32h-16.7c-22.2 10.2-46.9 16-72.9 16s-50.6-5.8-72.9-16h-16.7C60.2 288 0 348.2 0 422.4V464c0 26.5 21.5 48 48 48h352c26.5 0 48-21.5 48-48v-41.6c0-74.2-60.2-134.4-134.4-134.4z",
                  ],
                  "iconName": "user",
                  "prefix": "fas",
                }
              }
              size={20}
            />
          </View>
          <TextInput
            allowFontScaling={true}
            autoCapitalize="none"
            autoCompleteType="off"
            autoCorrect={false}
            blurOnSubmit={false}
            editable={true}
            onChangeText={[Function]}
            placeholder="Name"
            placeholderTextColor="#6c757d"
            rejectResponderTermination={true}
            returnKeyType="next"
            style={
              Object {
                "alignSelf": "center",
                "color": "#242424",
                "flex": 1,
                "fontSize": 18,
                "minHeight": 40,
              }
            }
            testID="RNE__Input__text-input"
            textContentType="oneTimeCode"
            underlineColorAndroid="transparent"
            value=""
          />
        </View>
        <Text
          style={
            Object {
              "color": "#ff190c",
              "fontSize": 12,
              "margin": 5,
            }
          }
        />
      </View>
      <Text
        errorstyle={
          Object {
            "fontSize": 10,
          }
        }
        style={
          Array [
            Object {
              "bottom": 10,
              "color": "red",
            },
          ]
        }
      >
         
      </Text>
      <View
        style={
          Object {
            "paddingHorizontal": 10,
            "width": "100%",
          }
        }
      >
        <View
          style={
            Object {
              "alignItems": "center",
              "borderBottomWidth": 1,
              "borderColor": "#86939e",
              "flexDirection": "row",
              "transform": Array [
                Object {
                  "translateX": 0,
                },
              ],
            }
          }
        >
          <View
            style={
              Object {
                "alignItems": "center",
                "height": 40,
                "justifyContent": "center",
                "marginVertical": 4,
                "paddingRight": 15,
              }
            }
          >
            <
              color="black"
              icon={
                Object {
                  "icon": Array [
                    512,
                    512,
                    Array [],
                    "f095",
                    "M493.4 24.6l-104-24c-11.3-2.6-22.9 3.3-27.5 13.9l-48 112c-4.2 9.8-1.4 21.3 6.9 28l60.6 49.6c-36 76.7-98.9 140.5-177.2 177.2l-49.6-60.6c-6.8-8.3-18.2-11.1-28-6.9l-112 48C3.9 366.5-2 378.1.6 389.4l24 104C27.1 504.2 36.7 512 48 512c256.1 0 464-207.5 464-464 0-11.2-7.7-20.9-18.6-23.4z",
                  ],
                  "iconName": "phone",
                  "prefix": "fas",
                }
              }
              size={20}
            />
          </View>
          <TextInput
            allowFontScaling={true}
            autoCapitalize="none"
            autoCompleteType="off"
            autoCorrect={false}
            blurOnSubmit={false}
            editable={true}
            keyboardType="numeric"
            onChangeText={[Function]}
            placeholder="Phone Number"
            placeholderTextColor="#6c757d"
            rejectResponderTermination={true}
            returnKeyType="done"
            style={
              Object {
                "alignSelf": "center",
                "color": "#242424",
                "flex": 1,
                "fontSize": 18,
                "minHeight": 40,
              }
            }
            testID="RNE__Input__text-input"
            textContentType="oneTimeCode"
            underlineColorAndroid="transparent"
            value=""
          />
        </View>
        <Text
          style={
            Object {
              "color": "#ff190c",
              "fontSize": 12,
              "margin": 5,
            }
          }
        />
      </View>
      <Text
        errorstyle={
          Object {
            "fontSize": 10,
          }
        }
        style={
          Array [
            Object {
              "bottom": 10,
              "color": "red",
            },
          ]
        }
      >
         
      </Text>
      <View
        style={
          Object {
            "paddingHorizontal": 10,
            "width": "100%",
          }
        }
      >
        <View
          style={
            Object {
              "alignItems": "center",
              "borderBottomWidth": 1,
              "borderColor": "#86939e",
              "flexDirection": "row",
              "transform": Array [
                Object {
                  "translateX": 0,
                },
              ],
            }
          }
        >
          <View
            style={
              Object {
                "alignItems": "center",
                "height": 40,
                "justifyContent": "center",
                "marginVertical": 4,
                "paddingRight": 15,
              }
            }
          >
            <
              color="black"
              icon={
                Object {
                  "icon": Array [
                    512,
                    512,
                    Array [],
                    "f0e0",
                    "M502.3 190.8c3.9-3.1 9.7-.2 9.7 4.7V400c0 26.5-21.5 48-48 48H48c-26.5 0-48-21.5-48-48V195.6c0-5 5.7-7.8 9.7-4.7 22.4 17.4 52.1 39.5 154.1 113.6 21.1 15.4 56.7 47.8 92.2 47.6 35.7.3 72-32.8 92.3-47.6 102-74.1 131.6-96.3 154-113.7zM256 320c23.2.4 56.6-29.2 73.4-41.4 132.7-96.3 142.8-104.7 173.4-128.7 5.8-4.5 9.2-11.5 9.2-18.9v-19c0-26.5-21.5-48-48-48H48C21.5 64 0 85.5 0 112v19c0 7.4 3.4 14.3 9.2 18.9 30.6 23.9 40.7 32.4 173.4 128.7 16.8 12.2 50.2 41.8 73.4 41.4z",
                  ],
                  "iconName": "envelope",
                  "prefix": "fas",
                }
              }
              size={20}
            />
          </View>
          <TextInput
            allowFontScaling={true}
            autoCapitalize="none"
            autoCompleteType="off"
            autoCorrect={false}
            blurOnSubmit={false}
            editable={true}
            onChangeText={[Function]}
            onSubmitEditing={[Function]}
            placeholder="Help Message"
            placeholderTextColor="#6c757d"
            rejectResponderTermination={true}
            returnKeyType="done"
            style={
              Object {
                "alignSelf": "center",
                "color": "#242424",
                "flex": 1,
                "fontSize": 18,
                "minHeight": 40,
              }
            }
            testID="RNE__Input__text-input"
            textContentType="oneTimeCode"
            underlineColorAndroid="transparent"
            value=""
          />
        </View>
        <Text
          style={
            Object {
              "color": "#ff190c",
              "fontSize": 12,
              "margin": 5,
            }
          }
        />
      </View>
      <Text
        errorstyle={
          Object {
            "fontSize": 10,
          }
        }
        style={
          Array [
            Object {
              "bottom": 10,
              "color": "red",
            },
          ]
        }
      >
         
      </Text>
    </View>
    <View
      style={
        Object {
          "flexDirection": "row",
          "justifyContent": "space-between",
          "paddingTop": 80,
          "width": "60%",
        }
      }
    >
      <
        icon={
          Object {
            "icon": Array [
              512,
              512,
              Array [],
              "f00c",
              "M173.898 439.404l-166.4-166.4c-9.997-9.997-9.997-26.206 0-36.204l36.203-36.204c9.997-9.998 26.207-9.998 36.204 0L192 312.69 432.095 72.596c9.997-9.997 26.207-9.997 36.204 0l36.203 36.204c9.997 9.997 9.997 26.206 0 36.204l-294.4 294.401c-9.998 9.997-26.207 9.997-36.204-.001z",
            ],
            "iconName": "check",
            "prefix": "fas",
          }
        }
        onPress={[Function]}
        raised={true}
        size={30}
        testID="contact-submit-button"
      />
    </View>
  </View>
</View>
`;
