// Jest Snapshot v1, https://goo.gl/fbAQLP

exports[`External Link Text component should match snapshot 1`] = `
<Text
  onPress={[Function]}
  style={
    Object {
      "color": "#242424",
    }
  }
  type="clear"
>
  www.help.de
</Text>
`;
