// Jest Snapshot v1, https://goo.gl/fbAQLP

exports[`<UserSettings /> should match snapshot 1`] = `
<View
  style={
    Array [
      Object {
        "alignItems": "center",
        "backgroundColor": "#cadeee",
        "flexBasis": 0,
        "flexGrow": 1,
        "flexShrink": 1,
      },
      Object {
        "alignItems": "flex-start",
      },
    ]
  }
>
  <View>
    <svg
      data-file-name="SvgUserSettings"
      style={
        Object {
          "position": "absolute",
        }
      }
    />
    <View
      style={
        Object {
          "alignItems": "center",
          "flexDirection": "row",
          "marginLeft": 10,
          "marginTop": 10,
        }
      }
    >
      <
        color="grey"
        icon={
          Object {
            "icon": Array [
              496,
              512,
              Array [],
              "f2bd",
              "M248 8C111 8 0 119 0 256s111 248 248 248 248-111 248-248S385 8 248 8zm0 96c48.6 0 88 39.4 88 88s-39.4 88-88 88-88-39.4-88-88 39.4-88 88-88zm0 344c-58.7 0-111.3-26.6-146.5-68.2 18.8-35.4 55.6-59.8 98.5-59.8 2.4 0 4.8.4 7.1 1.1 13 4.2 26.6 6.9 40.9 6.9 14.3 0 28-2.7 40.9-6.9 2.3-.7 4.7-1.1 7.1-1.1 42.9 0 79.7 24.4 98.5 59.8C359.3 421.4 306.7 448 248 448z",
            ],
            "iconName": "user-circle",
            "prefix": "fas",
          }
        }
        size={80}
      />
      <Text
        style={
          Object {
            "fontSize": 28,
            "marginLeft": 15,
            "textTransform": "capitalize",
          }
        }
      >
        common.hello_user
      </Text>
    </View>
  </View>
  <View
    style={
      Object {
        "marginLeft": 10,
        "marginVertical": 50,
      }
    }
  >
    <View
      accessible={true}
      focusable={true}
      onClick={[Function]}
      onResponderGrant={[Function]}
      onResponderMove={[Function]}
      onResponderRelease={[Function]}
      onResponderTerminate={[Function]}
      onResponderTerminationRequest={[Function]}
      onStartShouldSetResponder={[Function]}
      style={
        Object {
          "opacity": 1,
        }
      }
    >
      <Text
        style={
          Object {
            "fontSize": 20,
            "fontWeight": "500",
            "lineHeight": 40,
          }
        }
      >
        common.how-to-use
      </Text>
    </View>
    <View
      accessible={true}
      focusable={true}
      onClick={[Function]}
      onResponderGrant={[Function]}
      onResponderMove={[Function]}
      onResponderRelease={[Function]}
      onResponderTerminate={[Function]}
      onResponderTerminationRequest={[Function]}
      onStartShouldSetResponder={[Function]}
      style={
        Object {
          "opacity": 1,
        }
      }
    >
      <Text
        style={
          Object {
            "fontSize": 20,
            "fontWeight": "500",
            "lineHeight": 40,
          }
        }
      >
        common.change-password
      </Text>
    </View>
    <View
      accessible={true}
      focusable={true}
      onClick={[Function]}
      onResponderGrant={[Function]}
      onResponderMove={[Function]}
      onResponderRelease={[Function]}
      onResponderTerminate={[Function]}
      onResponderTerminationRequest={[Function]}
      onStartShouldSetResponder={[Function]}
      style={
        Object {
          "opacity": 1,
        }
      }
    >
      <Text
        style={
          Object {
            "fontSize": 20,
            "fontWeight": "500",
            "lineHeight": 40,
          }
        }
      >
        common.change-language
      </Text>
    </View>
    <View
      accessible={true}
      focusable={true}
      onClick={[Function]}
      onResponderGrant={[Function]}
      onResponderMove={[Function]}
      onResponderRelease={[Function]}
      onResponderTerminate={[Function]}
      onResponderTerminationRequest={[Function]}
      onStartShouldSetResponder={[Function]}
      style={
        Object {
          "opacity": 1,
        }
      }
    >
      <Text
        style={
          Object {
            "fontSize": 20,
            "fontWeight": "500",
            "lineHeight": 40,
          }
        }
      >
        common.delete-account
      </Text>
    </View>
  </View>
  <View
    accessible={true}
    focusable={true}
    onClick={[Function]}
    onResponderGrant={[Function]}
    onResponderMove={[Function]}
    onResponderRelease={[Function]}
    onResponderTerminate={[Function]}
    onResponderTerminationRequest={[Function]}
    onStartShouldSetResponder={[Function]}
    style={
      Object {
        "opacity": 1,
      }
    }
  >
    <Text
      style={
        Object {
          "backgroundColor": "#cadeee",
          "borderRadius": 14,
          "borderWidth": 0,
          "color": "#000",
          "fontSize": 20,
          "fontWeight": "500",
          "marginLeft": 10,
          "overflow": "hidden",
          "paddingHorizontal": 15,
          "paddingVertical": 5,
          "textAlign": "center",
          "width": "40%",
        }
      }
    >
      common.logout
    </Text>
  </View>
</View>
`;
